// Jest Snapshot v1, https://goo.gl/fbAQLP

exports[`renders homepage unchanged 1`] = `
<div>
  <div
    class="layout"
  >
    <main
      data-testid="main-content"
    >
      <div
        class="banner"
      >
        <div
          class="container"
        >
          <div
            class="preview"
          >
            <img
              alt=""
              class="picture"
              loading="lazy"
              src="/images/banner-pic.png"
            />
          </div>
          <div
            class="content"
          >
            <div
              class="title"
            >
              banner.title
            </div>
            <div
              class="text"
            >
              banner.info
            </div>
          </div>
        </div>
      </div>
      <div
        class="home"
      >
        <div
          class="content"
        >
          <div
            class="card"
          >
            <div>
              <div
                class="title"
              >
                general.countries
              </div>
              <div
                class="table"
              />
            </div>
          </div>
          <div
            class="card"
          >
            <div
              class="countryDetail"
            >
              <div
                class="title"
              >
                Detail
              </div>
              <div
                class="content"
              >
                <div
                  class="item"
                >
                  <div
                    class="label"
                  >
                    Name:
                  </div>
                  <div
                    class="value"
                  />
                </div>
                <div
                  class="item"
                >
                  <div
                    class="label"
                  >
                    Dial Code:
                  </div>
                  <div
                    class="value"
                  >
                    No callingcode available
                  </div>
                </div>
                <div
                  class="item"
                >
                  <div
                    class="label"
                  >
                    Continent:
                  </div>
                  <div
                    class="value"
                  />
                </div>
                <div
                  class="item"
                >
                  <div
                    class="label"
                  >
                    Currency Code:
                  </div>
                  <div
                    class="value"
                  >
                    No currency Info
                  </div>
                </div>
              </div>
            </div>
          </div>
          <div
            class="card"
          >
            <div
              class="title"
            >
              history.title
            </div>
            <div
              class="header"
            >
              <div
                class="herderText"
              >
                history.name
              </div>
              <div
                class="herderText"
              >
                history.clicks
              </div>
            </div>
            <div
              class="historyList"
            />
          </div>
        </div>
      </div>
    </main>
  </div>
</div>
`;
